// Jest Snapshot v1, https://goo.gl/fbAQLP

exports[`MDXComponent/Blockquote should match snapshot 1`] = `
<blockquote
  class="c-laoDFi"
  data-testid="blockquote-component"
>
  Lorem ipsum dolor sit amet consectetur adipisicing elit. Repudiandae vero error culpa, ut voluptate, asperiores doloremque nam autem neque rem voluptatibus vitae reiciendis doloribus odio libero quos esse provident numquam?
</blockquote>
`;
